../Core/Src/main.c:114:6:UART_Transmit_String	16	static
../Core/Src/main.c:120:6:UART_Transmit_To_ESP32	16	static
../Core/Src/main.c:126:6:Toggle_LED	16	static
../Core/Src/main.c:132:6:PrintRawCanData	32	static
../Core/Src/main.c:150:6:HAL_TIM_IC_CaptureCallback	24	static
../Core/Src/main.c:214:6:HAL_CAN_RxFifo0MsgPendingCallback	120	static
../Core/Src/main.c:317:6:HAL_CAN_ErrorCallback	24	static
../Core/Src/main.c:349:5:main	48	static
../Core/Src/main.c:460:6:SystemClock_Config	88	static
../Core/Src/main.c:506:13:MX_CAN1_Init	8	static
../Core/Src/main.c:543:13:MX_TIM5_Init	48	static
../Core/Src/main.c:601:13:MX_USART2_UART_Init	8	static
../Core/Src/main.c:634:13:MX_USART3_UART_Init	8	static
../Core/Src/main.c:667:13:MX_GPIO_Init	48	static
../Core/Src/main.c:703:6:Error_Handler	4	static,ignoring_inline_asm
