../Core/Src/main.c:114:6:UART_Transmit_String	1
../Core/Src/main.c:120:6:UART_Transmit_To_ESP32	1
../Core/Src/main.c:126:6:Toggle_LED	1
../Core/Src/main.c:132:6:PrintRawCanData	2
../Core/Src/main.c:150:6:HAL_TIM_IC_CaptureCallback	6
../Core/Src/main.c:214:6:HAL_CAN_RxFifo0MsgPendingCallback	12
../Core/Src/main.c:317:6:HAL_CAN_ErrorCallback	13
../Core/Src/main.c:349:5:main	5
../Core/Src/main.c:460:6:SystemClock_Config	3
../Core/Src/main.c:506:13:MX_CAN1_Init	2
../Core/Src/main.c:543:13:MX_TIM5_Init	6
../Core/Src/main.c:601:13:MX_USART2_UART_Init	2
../Core/Src/main.c:634:13:MX_USART3_UART_Init	2
../Core/Src/main.c:667:13:MX_GPIO_Init	1
../Core/Src/main.c:703:6:Error_Handler	1
